Invalid row: {'index': 25, 'row': {'timestamp': Timestamp('2025-01-02 01:00:00'), 'temperature': 25.22184517941973, 'humidity': 150.0, 'pressure': 1009.3574341616368}, 'violations': ['humidity=150.0 above max 100.0']}
Invalid row: {'index': 60, 'row': {'timestamp': Timestamp('2025-01-03 12:00:00'), 'temperature': 24.04165152430942, 'humidity': 62.85445255346583, 'pressure': 500.0}, 'violations': ['pressure=500.0 below min 800.0']}
Invalid row: {'index': 80, 'row': {'timestamp': Timestamp('2025-01-04 08:00:00'), 'temperature': 70.0, 'humidity': 56.34816684141432, 'pressure': 1010.4808344734575}, 'violations': ['temperature=70.0 above max 60.0']}
Invalid row: {'index': 25, 'row': {'timestamp': Timestamp('2025-01-02 01:00:00'), 'temperature': 25.22184517941973, 'humidity': 150.0, 'pressure': 1009.3574341616368}, 'violations': ['humidity=150.0 above max 100.0']}
Invalid row: {'index': 60, 'row': {'timestamp': Timestamp('2025-01-03 12:00:00'), 'temperature': 24.04165152430942, 'humidity': 62.85445255346583, 'pressure': 500.0}, 'violations': ['pressure=500.0 below min 800.0']}
Invalid row: {'index': 80, 'row': {'timestamp': Timestamp('2025-01-04 08:00:00'), 'temperature': 70.0, 'humidity': 56.34816684141432, 'pressure': 1010.4808344734575}, 'violations': ['temperature=70.0 above max 60.0']}
Invalid row: {'index': 25, 'row': {'timestamp': Timestamp('2025-01-02 01:00:00'), 'temperature': 25.22184517941973, 'humidity': 150.0, 'pressure': 1009.3574341616368}, 'violations': ['humidity=150.0 above max 100.0']}
Invalid row: {'index': 60, 'row': {'timestamp': Timestamp('2025-01-03 12:00:00'), 'temperature': 24.04165152430942, 'humidity': 62.85445255346583, 'pressure': 500.0}, 'violations': ['pressure=500.0 below min 800.0']}
Invalid row: {'index': 80, 'row': {'timestamp': Timestamp('2025-01-04 08:00:00'), 'temperature': 70.0, 'humidity': 56.34816684141432, 'pressure': 1010.4808344734575}, 'violations': ['temperature=70.0 above max 60.0']}
Invalid row: {'index': 25, 'row': {'timestamp': Timestamp('2025-01-02 01:00:00'), 'temperature': 25.22184517941973, 'humidity': 150.0, 'pressure': 1009.3574341616368}, 'violations': ['humidity=150.0 above max 100.0']}
Invalid row: {'index': 60, 'row': {'timestamp': Timestamp('2025-01-03 12:00:00'), 'temperature': 24.04165152430942, 'humidity': 62.85445255346583, 'pressure': 500.0}, 'violations': ['pressure=500.0 below min 800.0']}
Invalid row: {'index': 80, 'row': {'timestamp': Timestamp('2025-01-04 08:00:00'), 'temperature': 70.0, 'humidity': 56.34816684141432, 'pressure': 1010.4808344734575}, 'violations': ['temperature=70.0 above max 60.0']}
Invalid row: {'index': 25, 'row': {'timestamp': Timestamp('2025-01-02 01:00:00'), 'temperature': 25.22184517941973, 'humidity': 150.0, 'pressure': 1009.3574341616368, 'city': nan}, 'violations': ['humidity=150.0 above max 100.0']}
Invalid row: {'index': 60, 'row': {'timestamp': Timestamp('2025-01-03 12:00:00'), 'temperature': 24.04165152430942, 'humidity': 62.85445255346583, 'pressure': 500.0, 'city': nan}, 'violations': ['pressure=500.0 below min 800.0']}
Invalid row: {'index': 80, 'row': {'timestamp': Timestamp('2025-01-04 08:00:00'), 'temperature': 70.0, 'humidity': 56.34816684141432, 'pressure': 1010.4808344734575, 'city': nan}, 'violations': ['temperature=70.0 above max 60.0']}
Invalid row: {'index': 25, 'row': {'timestamp': Timestamp('2025-01-02 01:00:00'), 'temperature': 25.22184517941973, 'humidity': 150.0, 'pressure': 1009.3574341616368, 'city': nan}, 'violations': ['humidity=150.0 above max 100.0']}
Invalid row: {'index': 60, 'row': {'timestamp': Timestamp('2025-01-03 12:00:00'), 'temperature': 24.04165152430942, 'humidity': 62.85445255346583, 'pressure': 500.0, 'city': nan}, 'violations': ['pressure=500.0 below min 800.0']}
Invalid row: {'index': 80, 'row': {'timestamp': Timestamp('2025-01-04 08:00:00'), 'temperature': 70.0, 'humidity': 56.34816684141432, 'pressure': 1010.4808344734575, 'city': nan}, 'violations': ['temperature=70.0 above max 60.0']}
Invalid row: {'index': 25, 'row': {'timestamp': Timestamp('2025-01-02 01:00:00'), 'city': 'stream', 'temperature': 25.22184517941973, 'humidity': 150.0, 'pressure': 1009.3574341616368}, 'violations': ['humidity=150.0 above max 100.0']}
Invalid row: {'index': 60, 'row': {'timestamp': Timestamp('2025-01-03 12:00:00'), 'city': 'stream', 'temperature': 24.04165152430942, 'humidity': 62.85445255346583, 'pressure': 500.0}, 'violations': ['pressure=500.0 below min 800.0']}
Invalid row: {'index': 80, 'row': {'timestamp': Timestamp('2025-01-04 08:00:00'), 'city': 'stream', 'temperature': 70.0, 'humidity': 56.34816684141432, 'pressure': 1010.4808344734575}, 'violations': ['temperature=70.0 above max 60.0']}
Invalid row: {'index': 25, 'row': {'timestamp': Timestamp('2025-01-02 01:00:00'), 'city': 'stream', 'temperature': 25.22184517941973, 'humidity': 150.0, 'pressure': 1009.3574341616368}, 'violations': ['humidity=150.0 above max 100.0']}
Invalid row: {'index': 60, 'row': {'timestamp': Timestamp('2025-01-03 12:00:00'), 'city': 'stream', 'temperature': 24.04165152430942, 'humidity': 62.85445255346583, 'pressure': 500.0}, 'violations': ['pressure=500.0 below min 800.0']}
Invalid row: {'index': 80, 'row': {'timestamp': Timestamp('2025-01-04 08:00:00'), 'city': 'stream', 'temperature': 70.0, 'humidity': 56.34816684141432, 'pressure': 1010.4808344734575}, 'violations': ['temperature=70.0 above max 60.0']}
Invalid row: {'index': 25, 'row': {'timestamp': Timestamp('2025-01-02 01:00:00'), 'city': 'stream', 'temperature': 25.22184517941973, 'humidity': 150.0, 'pressure': 1009.3574341616368}, 'violations': ['humidity=150.0 above max 100.0']}
Invalid row: {'index': 60, 'row': {'timestamp': Timestamp('2025-01-03 12:00:00'), 'city': 'stream', 'temperature': 24.04165152430942, 'humidity': 62.85445255346583, 'pressure': 500.0}, 'violations': ['pressure=500.0 below min 800.0']}
Invalid row: {'index': 80, 'row': {'timestamp': Timestamp('2025-01-04 08:00:00'), 'city': 'stream', 'temperature': 70.0, 'humidity': 56.34816684141432, 'pressure': 1010.4808344734575}, 'violations': ['temperature=70.0 above max 60.0']}
Invalid row: {'index': 25, 'row': {'timestamp': Timestamp('2025-01-02 01:00:00'), 'city': 'stream', 'temperature': 25.22184517941973, 'humidity': 150.0, 'pressure': 1009.3574341616368}, 'violations': ['humidity=150.0 above max 100.0']}
Invalid row: {'index': 60, 'row': {'timestamp': Timestamp('2025-01-03 12:00:00'), 'city': 'stream', 'temperature': 24.04165152430942, 'humidity': 62.85445255346583, 'pressure': 500.0}, 'violations': ['pressure=500.0 below min 800.0']}
Invalid row: {'index': 80, 'row': {'timestamp': Timestamp('2025-01-04 08:00:00'), 'city': 'stream', 'temperature': 70.0, 'humidity': 56.34816684141432, 'pressure': 1010.4808344734575}, 'violations': ['temperature=70.0 above max 60.0']}
Invalid row: {'index': 25, 'row': {'timestamp': Timestamp('2025-01-02 01:00:00'), 'city': 'stream', 'temperature': 25.22184517941973, 'humidity': 150.0, 'pressure': 1009.3574341616368}, 'violations': ['humidity=150.0 above max 100.0']}
Invalid row: {'index': 60, 'row': {'timestamp': Timestamp('2025-01-03 12:00:00'), 'city': 'stream', 'temperature': 24.04165152430942, 'humidity': 62.85445255346583, 'pressure': 500.0}, 'violations': ['pressure=500.0 below min 800.0']}
Invalid row: {'index': 80, 'row': {'timestamp': Timestamp('2025-01-04 08:00:00'), 'city': 'stream', 'temperature': 70.0, 'humidity': 56.34816684141432, 'pressure': 1010.4808344734575}, 'violations': ['temperature=70.0 above max 60.0']}
Invalid row: {'index': 25, 'row': {'timestamp': Timestamp('2025-01-02 01:00:00'), 'city': 'stream', 'temperature': 25.22184517941973, 'humidity': 150.0, 'pressure': 1009.3574341616368}, 'violations': ['humidity=150.0 above max 100.0']}
Invalid row: {'index': 60, 'row': {'timestamp': Timestamp('2025-01-03 12:00:00'), 'city': 'stream', 'temperature': 24.04165152430942, 'humidity': 62.85445255346583, 'pressure': 500.0}, 'violations': ['pressure=500.0 below min 800.0']}
Invalid row: {'index': 80, 'row': {'timestamp': Timestamp('2025-01-04 08:00:00'), 'city': 'stream', 'temperature': 70.0, 'humidity': 56.34816684141432, 'pressure': 1010.4808344734575}, 'violations': ['temperature=70.0 above max 60.0']}
Invalid row: {'index': 25, 'row': {'timestamp': Timestamp('2025-01-02 01:00:00'), 'city': 'stream', 'temperature': 25.22184517941973, 'humidity': 150.0, 'pressure': 1009.3574341616368}, 'violations': ['humidity=150.0 above max 100.0']}
Invalid row: {'index': 60, 'row': {'timestamp': Timestamp('2025-01-03 12:00:00'), 'city': 'stream', 'temperature': 24.04165152430942, 'humidity': 62.85445255346583, 'pressure': 500.0}, 'violations': ['pressure=500.0 below min 800.0']}
Invalid row: {'index': 80, 'row': {'timestamp': Timestamp('2025-01-04 08:00:00'), 'city': 'stream', 'temperature': 70.0, 'humidity': 56.34816684141432, 'pressure': 1010.4808344734575}, 'violations': ['temperature=70.0 above max 60.0']}
Invalid row: {'index': 25, 'row': {'timestamp': Timestamp('2025-01-02 01:00:00'), 'city': 'stream', 'temperature': 25.22184517941973, 'humidity': 150.0, 'pressure': 1009.3574341616368}, 'violations': ['humidity=150.0 above max 100.0']}
Invalid row: {'index': 60, 'row': {'timestamp': Timestamp('2025-01-03 12:00:00'), 'city': 'stream', 'temperature': 24.04165152430942, 'humidity': 62.85445255346583, 'pressure': 500.0}, 'violations': ['pressure=500.0 below min 800.0']}
Invalid row: {'index': 80, 'row': {'timestamp': Timestamp('2025-01-04 08:00:00'), 'city': 'stream', 'temperature': 70.0, 'humidity': 56.34816684141432, 'pressure': 1010.4808344734575}, 'violations': ['temperature=70.0 above max 60.0']}
Invalid row: {'index': 25, 'row': {'timestamp': Timestamp('2025-01-02 01:00:00'), 'city': 'stream', 'temperature': 25.22184517941973, 'humidity': 150.0, 'pressure': 1009.3574341616368}, 'violations': ['humidity=150.0 above max 100.0']}
Invalid row: {'index': 60, 'row': {'timestamp': Timestamp('2025-01-03 12:00:00'), 'city': 'stream', 'temperature': 24.04165152430942, 'humidity': 62.85445255346583, 'pressure': 500.0}, 'violations': ['pressure=500.0 below min 800.0']}
Invalid row: {'index': 80, 'row': {'timestamp': Timestamp('2025-01-04 08:00:00'), 'city': 'stream', 'temperature': 70.0, 'humidity': 56.34816684141432, 'pressure': 1010.4808344734575}, 'violations': ['temperature=70.0 above max 60.0']}
Invalid row: {'index': 25, 'row': {'timestamp': Timestamp('2025-01-02 01:00:00'), 'city': 'stream', 'temperature': 25.22184517941973, 'humidity': 150.0, 'pressure': 1009.3574341616368}, 'violations': ['humidity=150.0 above max 100.0']}
Invalid row: {'index': 60, 'row': {'timestamp': Timestamp('2025-01-03 12:00:00'), 'city': 'stream', 'temperature': 24.04165152430942, 'humidity': 62.85445255346583, 'pressure': 500.0}, 'violations': ['pressure=500.0 below min 800.0']}
Invalid row: {'index': 80, 'row': {'timestamp': Timestamp('2025-01-04 08:00:00'), 'city': 'stream', 'temperature': 70.0, 'humidity': 56.34816684141432, 'pressure': 1010.4808344734575}, 'violations': ['temperature=70.0 above max 60.0']}
Invalid row: {'index': 25, 'row': {'timestamp': Timestamp('2025-01-02 01:00:00'), 'city': 'stream', 'temperature': 25.22184517941973, 'humidity': 150.0, 'pressure': 1009.3574341616368}, 'violations': ['humidity=150.0 above max 100.0']}
Invalid row: {'index': 60, 'row': {'timestamp': Timestamp('2025-01-03 12:00:00'), 'city': 'stream', 'temperature': 24.04165152430942, 'humidity': 62.85445255346583, 'pressure': 500.0}, 'violations': ['pressure=500.0 below min 800.0']}
Invalid row: {'index': 80, 'row': {'timestamp': Timestamp('2025-01-04 08:00:00'), 'city': 'stream', 'temperature': 70.0, 'humidity': 56.34816684141432, 'pressure': 1010.4808344734575}, 'violations': ['temperature=70.0 above max 60.0']}
Invalid row: {'index': 25, 'row': {'timestamp': Timestamp('2025-01-02 01:00:00'), 'ws': 0.0, 'wd': 0.0, 'pressure': 1009.3574341616368, 'rh': 150.0, 'temp': 25.22184517941973, 'dew': 20.22184517941973, 'rain': 0.0}, 'violations': ['rh=150.0 above max 100.0']}
Invalid row: {'index': 60, 'row': {'timestamp': Timestamp('2025-01-03 12:00:00'), 'ws': 0.0, 'wd': 0.0, 'pressure': 500.0, 'rh': 62.85445255346583, 'temp': 24.04165152430942, 'dew': 19.04165152430942, 'rain': 0.0}, 'violations': ['pressure=500.0 below min 800.0']}
Invalid row: {'index': 80, 'row': {'timestamp': Timestamp('2025-01-04 08:00:00'), 'ws': 0.0, 'wd': 0.0, 'pressure': 1010.4808344734575, 'rh': 56.34816684141432, 'temp': 70.0, 'dew': 65.0, 'rain': 0.0}, 'violations': ['temp=70.0 above max 55.0', 'dew=65.0 above max 50.0']}
Invalid row: {'index': 18, 'row': {'timestamp': Timestamp('2000-01-01 00:19:01'), 'ws': 0.01, 'wd': 140.97, 'pressure': 1022.25, 'rh': 104.92, 'temp': 27.51, 'dew': 20.88, 'rain': 0.0}, 'violations': ['rh=104.92 above max 100.0']}
Invalid row: {'index': 11590, 'row': {'timestamp': Timestamp('2026-04-23 11:01:00'), 'ws': 0.48, 'wd': 0.16, 'pressure': 925.87, 'rh': 104.44, 'temp': 30.52, 'dew': 22.85, 'rain': 0.0}, 'violations': ['rh=104.44 above max 100.0']}
Invalid row: {'index': 11591, 'row': {'timestamp': Timestamp('2026-04-23 20:31:50'), 'ws': 5.29, 'wd': 357.96, 'pressure': 859.11, 'rh': 144.23, 'temp': 29.76, 'dew': 23.94, 'rain': 0.0}, 'violations': ['rh=144.23 above max 100.0']}
Invalid row: {'index': 12340, 'row': {'timestamp': Timestamp('2026-04-26 11:25:00'), 'ws': 1.08, 'wd': 27.94, 'pressure': 21492.89, 'rh': 27.39, 'temp': 36.66, 'dew': 15.81, 'rain': 0.0}, 'violations': ['pressure=21492.89 above max 1100.0']}
Invalid row: {'index': 18, 'row': {'timestamp': Timestamp('2000-01-01 00:19:01'), 'ws': 0.01, 'wd': 140.97, 'pressure': 1022.25, 'rh': 104.92, 'temp': 27.51, 'dew': 20.88, 'rain': 0.0}, 'violations': ['rh=104.92 above max 100.0']}
Invalid row: {'index': 532, 'row': {'timestamp': Timestamp('2025-01-02 01:00:00'), 'ws': 0.0, 'wd': 0.0, 'pressure': 1009.3574341616368, 'rh': 150.0, 'temp': 25.22184517941973, 'dew': 20.22184517941973, 'rain': 0.0}, 'violations': ['rh=150.0 above max 100.0']}
Invalid row: {'index': 567, 'row': {'timestamp': Timestamp('2025-01-03 12:00:00'), 'ws': 0.0, 'wd': 0.0, 'pressure': 500.0, 'rh': 62.85445255346583, 'temp': 24.04165152430942, 'dew': 19.04165152430942, 'rain': 0.0}, 'violations': ['pressure=500.0 below min 800.0']}
Invalid row: {'index': 587, 'row': {'timestamp': Timestamp('2025-01-04 08:00:00'), 'ws': 0.0, 'wd': 0.0, 'pressure': 1010.4808344734575, 'rh': 56.34816684141432, 'temp': 70.0, 'dew': 65.0, 'rain': 0.0}, 'violations': ['temp=70.0 above max 55.0', 'dew=65.0 above max 50.0']}
Invalid row: {'index': 11740, 'row': {'timestamp': Timestamp('2026-04-23 11:01:00'), 'ws': 0.48, 'wd': 0.16, 'pressure': 925.87, 'rh': 104.44, 'temp': 30.52, 'dew': 22.85, 'rain': 0.0}, 'violations': ['rh=104.44 above max 100.0']}
Invalid row: {'index': 11741, 'row': {'timestamp': Timestamp('2026-04-23 20:31:50'), 'ws': 5.29, 'wd': 357.96, 'pressure': 859.11, 'rh': 144.23, 'temp': 29.76, 'dew': 23.94, 'rain': 0.0}, 'violations': ['rh=144.23 above max 100.0']}
Invalid row: {'index': 12490, 'row': {'timestamp': Timestamp('2026-04-26 11:25:00'), 'ws': 1.08, 'wd': 27.94, 'pressure': 21492.89, 'rh': 27.39, 'temp': 36.66, 'dew': 15.81, 'rain': 0.0}, 'violations': ['pressure=21492.89 above max 1100.0']}
Invalid row: {'index': 18, 'row': {'timestamp': Timestamp('2000-01-01 00:19:01'), 'ws': 0.01, 'wd': 140.97, 'pressure': 1022.25, 'rh': 104.92, 'temp': 27.51, 'dew': 20.88, 'rain': 0.0}, 'violations': ['rh=104.92 above max 100.0']}
Invalid row: {'index': 11590, 'row': {'timestamp': Timestamp('2026-04-23 11:01:00'), 'ws': 0.48, 'wd': 0.16, 'pressure': 925.87, 'rh': 104.44, 'temp': 30.52, 'dew': 22.85, 'rain': 0.0}, 'violations': ['rh=104.44 above max 100.0']}
Invalid row: {'index': 11591, 'row': {'timestamp': Timestamp('2026-04-23 20:31:50'), 'ws': 5.29, 'wd': 357.96, 'pressure': 859.11, 'rh': 144.23, 'temp': 29.76, 'dew': 23.94, 'rain': 0.0}, 'violations': ['rh=144.23 above max 100.0']}
Invalid row: {'index': 12340, 'row': {'timestamp': Timestamp('2026-04-26 11:25:00'), 'ws': 1.08, 'wd': 27.94, 'pressure': 21492.89, 'rh': 27.39, 'temp': 36.66, 'dew': 15.81, 'rain': 0.0}, 'violations': ['pressure=21492.89 above max 1100.0']}
Invalid row: {'index': 18, 'row': {'timestamp': Timestamp('2000-01-01 00:19:01'), 'ws': 0.01, 'wd': 140.97, 'pressure': 1022.25, 'rh': 104.92, 'temp': 27.51, 'dew': 20.88, 'rain': 0.0}, 'violations': ['rh=104.92 above max 100.0']}
Invalid row: {'index': 11590, 'row': {'timestamp': Timestamp('2026-04-23 11:01:00'), 'ws': 0.48, 'wd': 0.16, 'pressure': 925.87, 'rh': 104.44, 'temp': 30.52, 'dew': 22.85, 'rain': 0.0}, 'violations': ['rh=104.44 above max 100.0']}
Invalid row: {'index': 11591, 'row': {'timestamp': Timestamp('2026-04-23 20:31:50'), 'ws': 5.29, 'wd': 357.96, 'pressure': 859.11, 'rh': 144.23, 'temp': 29.76, 'dew': 23.94, 'rain': 0.0}, 'violations': ['rh=144.23 above max 100.0']}
Invalid row: {'index': 12340, 'row': {'timestamp': Timestamp('2026-04-26 11:25:00'), 'ws': 1.08, 'wd': 27.94, 'pressure': 21492.89, 'rh': 27.39, 'temp': 36.66, 'dew': 15.81, 'rain': 0.0}, 'violations': ['pressure=21492.89 above max 1100.0']}
Invalid row: {'index': 18, 'row': {'timestamp': Timestamp('2000-01-01 00:19:01'), 'ws': 0.01, 'wd': 140.97, 'pressure': 1022.25, 'rh': 104.92, 'temp': 27.51, 'dew': 20.88, 'rain': 0.0}, 'violations': ['rh=104.92 above max 100.0']}
Invalid row: {'index': 11590, 'row': {'timestamp': Timestamp('2026-04-23 11:01:00'), 'ws': 0.48, 'wd': 0.16, 'pressure': 925.87, 'rh': 104.44, 'temp': 30.52, 'dew': 22.85, 'rain': 0.0}, 'violations': ['rh=104.44 above max 100.0']}
Invalid row: {'index': 11591, 'row': {'timestamp': Timestamp('2026-04-23 20:31:50'), 'ws': 5.29, 'wd': 357.96, 'pressure': 859.11, 'rh': 144.23, 'temp': 29.76, 'dew': 23.94, 'rain': 0.0}, 'violations': ['rh=144.23 above max 100.0']}
Invalid row: {'index': 12340, 'row': {'timestamp': Timestamp('2026-04-26 11:25:00'), 'ws': 1.08, 'wd': 27.94, 'pressure': 21492.89, 'rh': 27.39, 'temp': 36.66, 'dew': 15.81, 'rain': 0.0}, 'violations': ['pressure=21492.89 above max 1100.0']}
Invalid row: {'index': 18, 'row': {'timestamp': Timestamp('2000-01-01 00:19:01'), 'ws': 0.01, 'wd': 140.97, 'pressure': 1022.25, 'rh': 104.92, 'temp': 27.51, 'dew': 20.88, 'rain': 0.0}, 'violations': ['rh=104.92 above max 100.0']}
Invalid row: {'index': 11590, 'row': {'timestamp': Timestamp('2026-04-23 11:01:00'), 'ws': 0.48, 'wd': 0.16, 'pressure': 925.87, 'rh': 104.44, 'temp': 30.52, 'dew': 22.85, 'rain': 0.0}, 'violations': ['rh=104.44 above max 100.0']}
Invalid row: {'index': 11591, 'row': {'timestamp': Timestamp('2026-04-23 20:31:50'), 'ws': 5.29, 'wd': 357.96, 'pressure': 859.11, 'rh': 144.23, 'temp': 29.76, 'dew': 23.94, 'rain': 0.0}, 'violations': ['rh=144.23 above max 100.0']}
Invalid row: {'index': 12340, 'row': {'timestamp': Timestamp('2026-04-26 11:25:00'), 'ws': 1.08, 'wd': 27.94, 'pressure': 21492.89, 'rh': 27.39, 'temp': 36.66, 'dew': 15.81, 'rain': 0.0}, 'violations': ['pressure=21492.89 above max 1100.0']}
Invalid row: {'index': 18, 'row': {'timestamp': Timestamp('2000-01-01 00:19:01'), 'ws': 0.01, 'wd': 140.97, 'pressure': 1022.25, 'rh': 104.92, 'temp': 27.51, 'dew': 20.88, 'rain': 0.0}, 'violations': ['rh=104.92 above max 100.0']}
Invalid row: {'index': 11590, 'row': {'timestamp': Timestamp('2026-04-23 11:01:00'), 'ws': 0.48, 'wd': 0.16, 'pressure': 925.87, 'rh': 104.44, 'temp': 30.52, 'dew': 22.85, 'rain': 0.0}, 'violations': ['rh=104.44 above max 100.0']}
Invalid row: {'index': 11591, 'row': {'timestamp': Timestamp('2026-04-23 20:31:50'), 'ws': 5.29, 'wd': 357.96, 'pressure': 859.11, 'rh': 144.23, 'temp': 29.76, 'dew': 23.94, 'rain': 0.0}, 'violations': ['rh=144.23 above max 100.0']}
Invalid row: {'index': 12340, 'row': {'timestamp': Timestamp('2026-04-26 11:25:00'), 'ws': 1.08, 'wd': 27.94, 'pressure': 21492.89, 'rh': 27.39, 'temp': 36.66, 'dew': 15.81, 'rain': 0.0}, 'violations': ['pressure=21492.89 above max 1100.0']}
Invalid row: {'index': 18, 'row': {'timestamp': Timestamp('2000-01-01 00:19:01'), 'ws': 0.01, 'wd': 140.97, 'pressure': 1022.25, 'rh': 104.92, 'temp': 27.51, 'dew': 20.88, 'rain': 0.0}, 'violations': ['rh=104.92 above max 100.0']}
Invalid row: {'index': 11590, 'row': {'timestamp': Timestamp('2026-04-23 11:01:00'), 'ws': 0.48, 'wd': 0.16, 'pressure': 925.87, 'rh': 104.44, 'temp': 30.52, 'dew': 22.85, 'rain': 0.0}, 'violations': ['rh=104.44 above max 100.0']}
Invalid row: {'index': 11591, 'row': {'timestamp': Timestamp('2026-04-23 20:31:50'), 'ws': 5.29, 'wd': 357.96, 'pressure': 859.11, 'rh': 144.23, 'temp': 29.76, 'dew': 23.94, 'rain': 0.0}, 'violations': ['rh=144.23 above max 100.0']}
Invalid row: {'index': 12340, 'row': {'timestamp': Timestamp('2026-04-26 11:25:00'), 'ws': 1.08, 'wd': 27.94, 'pressure': 21492.89, 'rh': 27.39, 'temp': 36.66, 'dew': 15.81, 'rain': 0.0}, 'violations': ['pressure=21492.89 above max 1100.0']}
Invalid row: {'index': 18, 'row': {'timestamp': Timestamp('2000-01-01 00:19:01'), 'ws': 0.01, 'wd': 140.97, 'pressure': 1022.25, 'rh': 104.92, 'temp': 27.51, 'dew': 20.88, 'rain': 0.0}, 'violations': ['rh=104.92 above max 100.0']}
Invalid row: {'index': 11590, 'row': {'timestamp': Timestamp('2026-04-23 11:01:00'), 'ws': 0.48, 'wd': 0.16, 'pressure': 925.87, 'rh': 104.44, 'temp': 30.52, 'dew': 22.85, 'rain': 0.0}, 'violations': ['rh=104.44 above max 100.0']}
Invalid row: {'index': 11591, 'row': {'timestamp': Timestamp('2026-04-23 20:31:50'), 'ws': 5.29, 'wd': 357.96, 'pressure': 859.11, 'rh': 144.23, 'temp': 29.76, 'dew': 23.94, 'rain': 0.0}, 'violations': ['rh=144.23 above max 100.0']}
Invalid row: {'index': 12340, 'row': {'timestamp': Timestamp('2026-04-26 11:25:00'), 'ws': 1.08, 'wd': 27.94, 'pressure': 21492.89, 'rh': 27.39, 'temp': 36.66, 'dew': 15.81, 'rain': 0.0}, 'violations': ['pressure=21492.89 above max 1100.0']}
